
> the-gem@1.0.0 dev
> vite --host 127.0.0.1 --port 5173 --strictPort


  [32m[1mVITE[22m v8.0.16[39m  [2mready in [0m[1m1353[22m[2m[0m ms[22m

  [32m➜[39m  [1mLocal[22m:   [36mhttp://127.0.0.1:[1m5173[22m/[39m
[2m3:08:17 p.m.[22m [36m[1m[vite][22m[39m [90m[2m(client)[22m[39m [32mpage reload [39m[2mandroid/app/src/main/assets/public/index.html[22m
[2m3:08:32 p.m.[22m [36m[1m[vite][22m[39m [90m[2m(client)[22m[39m [32mpage reload [39m[2mandroid/app/src/main/assets/public/index.html[22m
[2m3:13:42 p.m.[22m [36m[1m[vite][22m[39m [90m[2m(client)[22m[39m [32mpage reload [39m[2mandroid/app/build/intermediates/assets/debug/mergeDebugAssets/public/index.html[22m
[2m3:13:47 p.m.[22m [36m[1m[vite][22m[39m [90m[2m(client)[22m[39m [32mpage reload [39m[2mandroid/build/reports/problems/problems-report.html[22m
[2m3:13:47 p.m.[22m [36m[1m[vite][22m[39m [90m[2m(client)[22m[39m [32mpage reload [39m[2mandroid/build/reports/problems/problems-report.html[22m
[2m3:16:34 p.m.[22m [36m[1m[vite][22m[39m [90m[2m(client)[22m[39m [32mpage reload [39m[2mandroid/app/src/main/assets/public/index.html[22m
[2m3:16:42 p.m.[22m [36m[1m[vite][22m[39m [90m[2m(client)[22m[39m [32mpage reload [39m[2mandroid/app/src/main/assets/public/index.html[22m
[2m3:27:56 p.m.[22m [36m[1m[vite][22m[39m [90m[2m(client)[22m[39m [32mpage reload [39m[2mandroid/app/src/main/assets/public/index.html[22m
[2m3:28:05 p.m.[22m [36m[1m[vite][22m[39m [90m[2m(client)[22m[39m [32mpage reload [39m[2mandroid/app/src/main/assets/public/index.html[22m
[2m3:50:59 p.m.[22m [36m[1m[vite][22m[39m [90m[2m(client)[22m[39m [32mpage reload [39m[2mindex.html[22m
[2m6:26:30 p.m.[22m [36m[1m[vite][22m[39m [90m[2m(client)[22m[39m [32mpage reload [39m[2mandroid/build/reports/problems/problems-report.html[22m
[2m9:08:58 p.m.[22m [36m[1m[vite][22m[39m [90m[2m(client)[22m[39m [32mpage reload [39m[2mandroid/app/src/main/assets/public/index.html[22m
[2m9:09:46 p.m.[22m [36m[1m[vite][22m[39m [90m[2m(client)[22m[39m [32mpage reload [39m[2mandroid/app/src/main/assets/public/index.html[22m
[2m9:11:49 p.m.[22m [36m[1m[vite][22m[39m [90m[2m(client)[22m[39m [32mpage reload [39m[2mandroid/app/build/intermediates/assets/debug/mergeDebugAssets/public/index.html[22m
[2m9:12:00 p.m.[22m [36m[1m[vite][22m[39m [90m[2m(client)[22m[39m [32mpage reload [39m[2mandroid/build/reports/problems/problems-report.html[22m
[2m9:12:00 p.m.[22m [36m[1m[vite][22m[39m [90m[2m(client)[22m[39m [32mpage reload [39m[2mandroid/build/reports/problems/problems-report.html[22m
[2m9:49:37 p.m.[22m [36m[1m[vite][22m[39m [90m[2m(client)[22m[39m [32mpage reload [39m[2mandroid/app/src/main/assets/public/index.html[22m
[2m9:49:40 p.m.[22m [36m[1m[vite][22m[39m [90m[2m(client)[22m[39m [32mpage reload [39m[2mandroid/app/src/main/assets/public/index.html[22m
[2m10:03:42 p.m.[22m [36m[1m[vite][22m[39m [90m[2m(client)[22m[39m [32mpage reload [39m[2mandroid/app/src/main/assets/public/index.html[22m
[2m10:04:03 p.m.[22m [36m[1m[vite][22m[39m [90m[2m(client)[22m[39m [32mpage reload [39m[2mandroid/app/src/main/assets/public/index.html[22m
[2m10:04:32 p.m.[22m [36m[1m[vite][22m[39m [90m[2m(client)[22m[39m [32mpage reload [39m[2mandroid/app/build/intermediates/assets/debug/mergeDebugAssets/public/index.html[22m
[2m10:11:59 p.m.[22m [36m[1m[vite][22m[39m [90m[2m(client)[22m[39m [32mpage reload [39m[2mandroid/app/src/main/assets/public/index.html[22m
[2m10:12:09 p.m.[22m [36m[1m[vite][22m[39m [90m[2m(client)[22m[39m [32mpage reload [39m[2mandroid/app/src/main/assets/public/index.html[22m
[2m9:02:00 a.m.[22m [36m[1m[vite][22m[39m [90m[2m(client)[22m[39m [32mpage reload [39m[2mandroid/app/src/main/assets/public/index.html[22m
[2m9:02:39 a.m.[22m [36m[1m[vite][22m[39m [90m[2m(client)[22m[39m [32mpage reload [39m[2mandroid/app/src/main/assets/public/index.html[22m
[2m9:07:26 a.m.[22m [36m[1m[vite][22m[39m [90m[2m(client)[22m[39m [32mpage reload [39m[2mandroid/app/build/intermediates/assets/debug/mergeDebugAssets/public/index.html[22m
[2m9:07:43 a.m.[22m [36m[1m[vite][22m[39m [90m[2m(client)[22m[39m [32mpage reload [39m[2mandroid/build/reports/problems/problems-report.html[22m
[2m9:07:44 a.m.[22m [36m[1m[vite][22m[39m [90m[2m(client)[22m[39m [32mpage reload [39m[2mandroid/build/reports/problems/problems-report.html[22m
[2m9:13:18 a.m.[22m [36m[1m[vite][22m[39m [90m[2m(client)[22m[39m [32mpage reload [39m[2mandroid/app/src/main/assets/public/index.html[22m
[2m9:15:34 a.m.[22m [36m[1m[vite][22m[39m [90m[2m(client)[22m[39m [32mpage reload [39m[2mandroid/app/src/main/assets/public/index.html[22m
[2m9:57:20 a.m.[22m [36m[1m[vite][22m[39m [90m[2m(client)[22m[39m [32mpage reload [39m[2mandroid/app/src/main/assets/public/index.html[22m
[2m9:57:27 a.m.[22m [36m[1m[vite][22m[39m [90m[2m(client)[22m[39m [32mpage reload [39m[2mandroid/app/src/main/assets/public/index.html[22m
[2m10:11:42 a.m.[22m [36m[1m[vite][22m[39m [90m[2m(client)[22m[39m [32mpage reload [39m[2mindex.html[22m
[2m10:11:43 a.m.[22m [36m[1m[vite][22m[39m [90m[2m(client)[22m[39m [32mpage reload [39m[2mindex.html[22m
[2m10:12:42 a.m.[22m [36m[1m[vite][22m[39m [90m[2m(client)[22m[39m [32mpage reload [39m[2mindex.html[22m
[2m10:13:21 a.m.[22m [36m[1m[vite][22m[39m [90m[2m(client)[22m[39m [32mpage reload [39m[2mindex.html[22m
[2m10:14:03 a.m.[22m [36m[1m[vite][22m[39m [90m[2m(client)[22m[39m [32mpage reload [39m[2mindex.html[22m
[2m10:14:40 a.m.[22m [36m[1m[vite][22m[39m [90m[2m(client)[22m[39m [32mpage reload [39m[2mindex.html[22m
[2m10:37:02 a.m.[22m [36m[1m[vite][22m[39m [90m[2m(client)[22m[39m [32mpage reload [39m[2mandroid/app/src/main/assets/public/index.html[22m
[2m10:38:49 a.m.[22m [36m[1m[vite][22m[39m [90m[2m(client)[22m[39m [32mpage reload [39m[2mandroid/app/src/main/assets/public/index.html[22m
[2m10:39:04 a.m.[22m [36m[1m[vite][22m[39m [90m[2m(client)[22m[39m [32mpage reload [39m[2mandroid/app/build/intermediates/assets/debug/mergeDebugAssets/public/index.html[22m
